// Vitest Snapshot v1, https://vitest.dev/guide/snapshot.html

exports[`CounterApp > Should match snapshot 1`] = `
<div
  role="application"
>
  <h1>
    Carrito de compras
  </h1>
  <div
    data-name="Biblia RVR1960"
    data-quantity="10"
    data-testid="ItemCounter"
  />
  <div
    data-name="Cien años de soledad"
    data-quantity="2"
    data-testid="ItemCounter"
  />
  <div
    data-name="El principito"
    data-quantity="5"
    data-testid="ItemCounter"
  />
  <div
    data-name="El coronel no tiene quién le escriba"
    data-quantity="1"
    data-testid="ItemCounter"
  />
</div>
`;
